etiqueta: -
codop: ORG
operando: $4040
Registro: DIR_INIC
contloc: $4040

etiqueta: Et1
codop: SWI
operando: -
Registro: CONTLOC
valor: 4040

etiqueta: dos
codop: EORA
operando: 5
Registro: CONTLOC
valor: 4041

etiqueta: -
codop: EORA
operando: @5
Registro: CONTLOC
valor: 4043

etiqueta: -
codop: EORA
operando: %111
Registro: CONTLOC
valor: 4045

etiqueta: -
codop: EORA
operando: $6
Registro: CONTLOC
valor: 4047

etiqueta: -
codop: EORA
operando: 300
Registro: CONTLOC
valor: 4049

etiqueta: -
codop: EORA
operando: $F
Registro: CONTLOC
valor: 404c

etiqueta: -
codop: EORA
operando: #5
Registro: CONTLOC
valor: 404e

etiqueta: -
codop: EORA
operando: #@5
Registro: CONTLOC
valor: 4050

etiqueta: -
codop: EORA
operando: #1500
Registro: CONTLOC
valor: 4052

etiqueta: -
codop: EORA
operando: 1,X
Registro: CONTLOC
valor: 4052

etiqueta: Uno
codop: EORA
operando: 255,X
Registro: CONTLOC
valor: 4054

etiqueta: -
codop: EORA
operando: 32768,X
Registro: CONTLOC
valor: 4057

etiqueta: -
codop: EORA
operando: $1,+PC
Registro: CONTLOC
valor: 405b

etiqueta: -
codop: EORA
operando: A,X
Registro: CONTLOC
valor: 405d

etiqueta: -
codop: EORA
operando: 254,X
Registro: CONTLOC
valor: 405d

etiqueta: -
codop: EORA
operando: 6444,X
Registro: CONTLOC
valor: 4060

etiqueta: -
codop: EORA
operando: [1,X]
Registro: CONTLOC
valor: 4064

etiqueta: -
codop: EORA
operando: [6444,X]
Registro: CONTLOC
valor: 4068

etiqueta: -
codop: EORA
operando: [D,X]
Registro: CONTLOC
valor: 406c

etiqueta: -
codop: BLT
operando: UNO
Registro: CONTLOC
valor: 406e

etiqueta: -
codop: LBLT
operando: UNO
Registro: CONTLOC
valor: 4070

etiqueta: -
codop: IBNE
operando: A,UNO
Registro: CONTLOC
valor: 4074

etiqueta: -
codop: DS.B
operando: %001101010010101011
Registro: CONTLOC
valor: 4074

etiqueta: -
codop: END
operando: -
Registro: CONTLOC
valor: 4074

