etiqueta: -
codop: ETQ
operando: CODOP OPR
etiqueta: -
codop: ORG
operando: $4040
etiqueta: Et1
codop: SWI
operando: -
etiqueta: dos
codop: EORA
operando: 5
etiqueta: -
codop: EORA
operando: @5
etiqueta: -
codop: EORA
operando: %111
etiqueta: -
codop: EORA
operando: $6
etiqueta: -
codop: EORA
operando: 300
etiqueta: -
codop: EORA
operando: $F
etiqueta: -
codop: EORA
operando: #5
etiqueta: -
codop: EORA
operando: #@5
etiqueta: -
codop: EORA
operando: #1500
etiqueta: -
codop: EORA
operando: 1,X
etiqueta: Uno
codop: EORA
operando: 255,X
etiqueta: -
codop: EORA
operando: 32768,X
etiqueta: -
codop: EORA
operando: $1,+PC
etiqueta: -
codop: EORA
operando: A,X
etiqueta: -
codop: EORA
operando: 254,X
etiqueta: -
codop: EORA
operando: 6444,X
etiqueta: -
codop: EORA
operando: [1,X]
etiqueta: -
codop: EORA
operando: [6444,X]
etiqueta: -
codop: EORA
operando: [D,X]
etiqueta: -
codop: BLT
operando: UNO
etiqueta: -
codop: LBLT
operando: UNO
etiqueta: -
codop: IBNE
operando: A,UNO
etiqueta: -
codop: END
operando: -
