ETIQUETA CODOP OPERANDO REGISTRO CONTLOC
-  EORA  @5  CONTLOC 4040  
----------------
-  EORA  %111  CONTLOC 4042  
----------------
-  EORA  $6  CONTLOC 4044  
----------------
-  EORA  300  CONTLOC 4046  
----------------
-  EORA  $F  CONTLOC 4049  
----------------
-  EORA  #5  CONTLOC 404b  
----------------
dos  LDAA  pato  CONTLOC 404d  
----------------
-  EORA  #@5  CONTLOC 404d  
----------------
-  EORA  #1500  CONTLOC 404f  
----------------
-  EORA  ,Y  CONTLOC 404f  
----------------
-  IBNE  A,dos  CONTLOC 4051  
----------------
Uno  EORA  255,X  CONTLOC 4054  
----------------
-  EORA  32768,X  CONTLOC 4057  
----------------
-  EORA  $1,+SP  CONTLOC 405b  
----------------
-  EORA  A,X  CONTLOC 405d  
----------------
-  EORA  254,X  CONTLOC 405f  
----------------
-  EORA  6444,X  CONTLOC 4062  
----------------
-  EORA  [1,X]  CONTLOC 4066  
----------------
-  EORA  [6444,X]  CONTLOC 406a  
----------------
-  EORA  [D,X]  CONTLOC 406e  
----------------
-  BLT  Uno  CONTLOC 4070  
----------------
-  LBLT  Uno  CONTLOC 4072  
----------------
pato  DS.B  %001101,%10101  CONTLOC 4076  
----------------
-  END  -  CONTLOC 4076  
----------------
-  ORG  $4040  CONTLOC 0  
----------------
-  EORA  @5  CONTLOC 4040  
----------------
-  EORA  %111  CONTLOC 4042  
----------------
-  EORA  $6  CONTLOC 4044  
----------------
-  EORA  300  CONTLOC 4046  
----------------
-  EORA  $F  CONTLOC 4049  
----------------
-  EORA  #5  CONTLOC 404b  
----------------
dos  LDAA  pato  CONTLOC 404d  
----------------
-  EORA  #@5  CONTLOC 404d  
----------------
-  EORA  #1500  CONTLOC 404f  
----------------
-  EORA  ,Y  CONTLOC 404f  
----------------
-  IBNE  A,dos  CONTLOC 4051  
----------------
Uno  EORA  255,X  CONTLOC 4054  
----------------
-  EORA  32768,X  CONTLOC 4057  
----------------
-  EORA  $1,+SP  CONTLOC 405b  
----------------
-  EORA  A,X  CONTLOC 405d  
----------------
-  EORA  254,X  CONTLOC 405f  
----------------
-  EORA  6444,X  CONTLOC 4062  
----------------
-  EORA  [1,X]  CONTLOC 4066  
----------------
-  EORA  [6444,X]  CONTLOC 406a  
----------------
-  EORA  [D,X]  CONTLOC 406e  
----------------
-  BLT  Uno  CONTLOC 4070  
----------------
-  LBLT  Uno  CONTLOC 4072  
----------------
pato  DS.B  %001101,%10101  CONTLOC 4076  
----------------
-  END  -  CONTLOC 4076  
----------------
