ETIQUETA CODOP OPERANDO REGISTRO CONTLOC
-  ORG  $4040  DIR_INIC $4040 
----------------
-  EORA  @5  CONTLOC 4040  
----------------
-  EORA  %111  CONTLOC 4042  
----------------
-  EORA  $6  CONTLOC 4042  
----------------
-  EORA  300  CONTLOC 4044  
----------------
-  EORA  $F  CONTLOC 4047  
----------------
-  EORA  #5  CONTLOC 4049  
----------------
dos  LDAA  5,Y  CONTLOC 404b  
----------------
-  EORA  #@5  CONTLOC 404d  
----------------
-  EORA  #1500  CONTLOC 404f  
----------------
-  EORA  1,X  CONTLOC 404f  
----------------
-  IBNE  A,dos  CONTLOC 4051  
----------------
Uno  EORA  255,X  CONTLOC 4054  
----------------
-  EORA  32768,X  CONTLOC 4057  
----------------
-  EORA  $1,+PC  CONTLOC 405b  
----------------
-  EORA  A,X  CONTLOC 405d  
----------------
-  EORA  254,X  CONTLOC 405d  
----------------
-  EORA  6444,X  CONTLOC 4060  
----------------
-  EORA  [1,X]  CONTLOC 4064  
----------------
-  EORA  [6444,X]  CONTLOC 4068  
----------------
-  EORA  [D,X]  CONTLOC 406c  
----------------
-  BLT  Uno  CONTLOC 406e  
----------------
-  LBLT  Uno  CONTLOC 4070  
----------------
-  DS.B  %001101010010101011  CONTLOC 4074  
----------------
-  END  -  CONTLOC 4074  
----------------
