-  ORG  $fe0  DIR_INIC  contloc: $fe0
------------------------------------------------------------
Et1  SWI  -  CONTLOC  fe0  
------------------------------------------------------------
dos  EORA  5  CONTLOC  fe1  
------------------------------------------------------------
-  EORA  @5  CONTLOC  fe3  
------------------------------------------------------------
-  EORA  %111  CONTLOC  fe5  
------------------------------------------------------------
-  EORA  $6  CONTLOC  fe7  
------------------------------------------------------------
-  EORA  300  CONTLOC  fe9  
------------------------------------------------------------
-  EORA  $F  CONTLOC  fec  
------------------------------------------------------------
-  EORA  #5  CONTLOC  fee  
------------------------------------------------------------
-  EORA  #@5  CONTLOC  ff0  
------------------------------------------------------------
-  EORA  #150  CONTLOC  ff2  
------------------------------------------------------------
-  EORA  1,X  CONTLOC  ff4  
------------------------------------------------------------
Uno  EORA  255,X  CONTLOC  ff6  
------------------------------------------------------------
-  EORA  32768,X  CONTLOC  ff9  
------------------------------------------------------------
-  EORA  $1,+PC  CONTLOC  ffd  
------------------------------------------------------------
-  EORA  ,X  CONTLOC  fff  
------------------------------------------------------------
-  EORA  254,X  CONTLOC  fff  
------------------------------------------------------------
-  EORA  6444,X  CONTLOC  1002  
------------------------------------------------------------
-  EORA  [1,X]  CONTLOC  1006  
------------------------------------------------------------
-  EORA  [6444,X]  CONTLOC  100a  
------------------------------------------------------------
-  EORA  [D,X]  CONTLOC  100e  
------------------------------------------------------------
-  BLT  UNO  CONTLOC  1010  
------------------------------------------------------------
-  LBLT  UNO  CONTLOC  1012  
------------------------------------------------------------
-  IBNE  A,UNO  CONTLOC  1016  
------------------------------------------------------------
-  DS.B  %001101010010101011  CONTLOC  1016  
------------------------------------------------------------
-  END  -  CONTLOC  1016  
------------------------------------------------------------
